
Memory Configuration

Name             Origin             Length             Attributes
FLASH            0x0000000008000000 0x0000000000080000 xr
SRAM             0x0000000020000000 0x0000000000020000 xrw
*default*        0x0000000000000000 0xffffffffffffffff

Linker script and memory map

LOAD startup.o
LOAD main.o

.text           0x0000000008000000      0x1a4
 *(.isr_vectors)
 .isr_vectors   0x0000000008000000       0x40 startup.o
                0x0000000008000000                vectors
 *(.text)
 .text          0x0000000008000040       0x8c startup.o
                0x0000000008000040                reset_handler
                0x00000000080000c4                busfault_handler
                0x00000000080000c4                systick_handler
                0x00000000080000c4                memmanage_handler
                0x00000000080000c4                svc_handler
                0x00000000080000c4                default_handler
                0x00000000080000c4                debugmon_handler
                0x00000000080000c4                pendsv_handler
                0x00000000080000c4                usagefault_handler
                0x00000000080000c4                hardfault_handler
                0x00000000080000c4                nmi_handler
 .text          0x00000000080000cc       0xd8 main.o
                0x00000000080000cc                main
 *(.rodata)
                0x00000000080001a4                . = ALIGN (0x4)
                0x00000000080001a4                _etext = .
                0x00000000080001a4                _la_data = _etext

.glue_7         0x00000000080001a4        0x0
 .glue_7        0x00000000080001a4        0x0 linker stubs

.glue_7t        0x00000000080001a4        0x0
 .glue_7t       0x00000000080001a4        0x0 linker stubs

.vfp11_veneer   0x00000000080001a4        0x0
 .vfp11_veneer  0x00000000080001a4        0x0 linker stubs

.v4_bx          0x00000000080001a4        0x0
 .v4_bx         0x00000000080001a4        0x0 linker stubs

.iplt           0x00000000080001a4        0x0
 .iplt          0x00000000080001a4        0x0 startup.o

.rel.dyn        0x00000000080001a4        0x0
 .rel.iplt      0x00000000080001a4        0x0 startup.o

.data           0x0000000020000000        0x0 load address 0x00000000080001a4
                0x0000000020000000                _sdata = .
 *(.data)
 .data          0x0000000020000000        0x0 startup.o
 .data          0x0000000020000000        0x0 main.o
                0x0000000020000000                . = ALIGN (0x4)
                0x0000000020000000                _edata = .

.igot.plt       0x0000000020000000        0x0 load address 0x00000000080001a4
 .igot.plt      0x0000000020000000        0x0 startup.o

.bss            0x0000000020000000        0x4 load address 0x00000000080001a4
                0x0000000020000000                . = ALIGN (0x4)
                0x0000000020000000                _sbss = .
 *(.bss)
 .bss           0x0000000020000000        0x0 startup.o
 .bss           0x0000000020000000        0x4 main.o
                0x0000000020000004                . = ALIGN (0x4)
                0x0000000020000004                _ebss = .
OUTPUT(blinky.elf elf32-littlearm)
LOAD linker stubs

.debug_info     0x0000000000000000      0x2ed
 .debug_info    0x0000000000000000      0x163 startup.o
 .debug_info    0x0000000000000163      0x18a main.o

.debug_abbrev   0x0000000000000000      0x179
 .debug_abbrev  0x0000000000000000       0xd2 startup.o
 .debug_abbrev  0x00000000000000d2       0xa7 main.o

.debug_aranges  0x0000000000000000       0x40
 .debug_aranges
                0x0000000000000000       0x20 startup.o
 .debug_aranges
                0x0000000000000020       0x20 main.o

.debug_line     0x0000000000000000      0x2af
 .debug_line    0x0000000000000000      0x15d startup.o
 .debug_line    0x000000000000015d      0x152 main.o

.debug_str      0x0000000000000000      0x1c8
 .debug_str     0x0000000000000000      0x150 startup.o
                                        0x195 (size before relaxing)
 .debug_str     0x0000000000000150       0x78 main.o
                                        0x1a0 (size before relaxing)

.comment        0x0000000000000000       0x49
 .comment       0x0000000000000000       0x49 startup.o
                                         0x4a (size before relaxing)
 .comment       0x0000000000000049       0x4a main.o

.ARM.attributes
                0x0000000000000000       0x2e
 .ARM.attributes
                0x0000000000000000       0x2e startup.o
 .ARM.attributes
                0x000000000000002e       0x2e main.o

.debug_frame    0x0000000000000000       0x78
 .debug_frame   0x0000000000000000       0x4c startup.o
 .debug_frame   0x000000000000004c       0x2c main.o
